2026-07-19 11:13:31,083 - INFO - Emma AI started
2026-07-19 11:13:31,084 - INFO - Emma AI started.
2026-07-19 11:13:49,200 - INFO - User: Hello
2026-07-19 11:13:49,220 - INFO - Sending request to AI...
2026-07-19 11:13:49,234 - ERROR - Error while processing 'Hello': [Errno 7] No address associated with hostname
2026-07-19 11:14:34,950 - INFO - User: /about
2026-07-19 11:14:54,576 - INFO - User: /history
2026-07-19 11:44:16,783 - INFO - Emma AI started
2026-07-19 11:44:44,638 - INFO - User: Hello
2026-07-19 11:44:44,657 - INFO - Sending request to AI...
2026-07-19 11:44:47,361 - INFO - AI: Hello there! How can I assist you today? Feel free to ask me anything related to aerospace engineering, programming, AI, mathematics, physics, or general technology. I'm ready to help you learn and solve problems!
2026-07-19 11:52:50,992 - INFO - Emma AI started
2026-07-19 11:56:22,700 - INFO - Emma AI started
2026-07-19 11:58:06,973 - INFO - User: Hello
2026-07-19 11:58:06,993 - INFO - Sending request to AI...
2026-07-19 11:58:07,007 - ERROR - Error while processing 'Hello': [Errno 7] No address associated with hostname
2026-07-19 11:58:31,947 - INFO - User: Hello
2026-07-19 11:58:31,952 - INFO - Sending request to AI...
2026-07-19 11:58:33,786 - INFO - AI: Hello again! How can I help you today? Do you have a question or a topic you'd like to discuss? I'm ready when you are!
2026-07-19 12:07:30,334 - INFO - Emma AI started
2026-07-19 12:07:58,671 - INFO - User: Helli
2026-07-19 12:07:58,678 - INFO - Sending request to AI...
2026-07-19 12:07:58,690 - ERROR - Error while processing 'Helli': [Errno 7] No address associated with hostname
2026-07-19 12:08:12,212 - INFO - User: Good mornimg
2026-07-19 12:08:12,234 - INFO - Sending request to AI...
2026-07-19 12:08:14,489 - INFO - AI: Good morning to you too!

How can I assist you this morning, Abegunde Emmanuel? Do you have any questions about aerospace engineering, programming, AI, math, physics, or anything else you'd like to discuss? I'm here to help you learn and solve problems!
2026-07-19 12:32:55,709 - INFO - Emma AI started
2026-07-19 12:33:09,279 - INFO - User: Hello Toyosi
2026-07-19 12:33:09,287 - INFO - Sending request to AI...
2026-07-19 12:33:11,628 - INFO - AI: Hello there!

I'm actually Emma AI, your technical assistant. It's nice to chat with you again!

How can I help you today? Do you have any questions about aerospace engineering, programming, AI, or anything else you'd like to explore? I'm here and ready to assist!
2026-07-19 12:33:45,200 - INFO - User: can you tell me the command keys for the ai?
2026-07-19 12:33:45,206 - INFO - Sending request to AI...
2026-07-19 12:33:48,771 - INFO - AI: That's an interesting question, and I'd be happy to help! However, "command keys for the AI" can mean a few different things depending on what you're trying to do.

Could you please clarify what you mean by "command keys" and which "AI" you're referring to? For example, are you asking about:

1.  **Commands for *me* (Emma AI) as a language model?** (e.g., specific phrases or ways to ask me questions to get certain types of answers)
2.  **Commands or syntax used in *programming an AI* or interacting with an AI API?** (e.g., Python commands, API calls, or libraries for building AI models)
3.  **Keyboard shortcuts or commands within a *specific AI software or application*?** (e.g., a particular AI design tool, a natural language processing platform, etc.)
4.  **How to *prompt* or instruct an AI effectively?** (i.e., prompt engineering techniques)

Once I understand better what you're looking for, I can give you a more precise and helpful answer!
2026-07-19 12:34:32,665 - INFO - User: i mean command function to check the ai model
2026-07-19 12:34:32,670 - INFO - Sending request to AI...
2026-07-19 12:34:49,326 - INFO - AI: Ah, that's a much clearer question! Thank you for clarifying.

When you say "command function to check the AI model," you're likely interested in how to inspect, evaluate, or interact with an AI model, usually in a programming context. The specific commands or functions depend heavily on **which AI library or framework** you are using (like TensorFlow, Keras, PyTorch, Scikit-learn, Hugging Face Transformers, etc.) and **what exactly you want to check**.

Let's break down the most common ways to "check" an AI model, along with examples using popular Python libraries.

---

### Common Ways to "Check" an AI Model

1.  **Checking the Model's Structure/Architecture:**
    *   This lets you see the layers, parameters, and overall design of the model.
2.  **Checking the Model's Performance (Evaluation):**
    *   This involves seeing how well the model performs on data it hasn't seen before, using metrics like accuracy, loss, precision, recall, etc.
3.  **Checking the Model's Output (Prediction/Inference):**
    *   This is about feeding new input data to the model and getting its predictions.
4.  **Checking if the Model is Loaded/Ready:**
    *   Simple checks to ensure your model object exists and is ready for use.

---

### Examples by Framework:

#### 1. Inspecting the Model's Structure/Architecture

This is crucial for understanding what your model looks like internally.

**a) TensorFlow/Keras:**
If you've built a neural network with Keras (which is part of TensorFlow), the `summary()` method is your best friend.

```python
import tensorflow as tf
from tensorflow import keras

# Let's create a simple sequential model for demonstration
model = keras.Sequential([
    keras.layers.Dense(64, activation='relu', input_shape=(784,)), # Input layer + first hidden layer
    keras.layers.Dense(64, activation='relu'),                     # Second hidden layer
    keras.layers.Dense(10, activation='softmax')                   # Output layer
])

# Command function to check the model's structure
print("--- Keras Model Summary ---")
model.summary()
```

**Output of `model.summary()` (simplified):**
```
Model: "sequential"
_________________________________________________________________
 Layer (type)                Output Shape              Param #   
=================================================================
 dense (Dense)               (None, 64)                50240     
                                                                 
 dense_1 (Dense)             (None, 64)                4160      
                                                                 
 dense_2 (Dense)             (None, 10)                650       
                                                                 
=================================================================
Total params: 55050 (215.04 KB)
Trainable params: 55050 (215.04 KB)
Non-trainable params: 0 (0.00 Byte)
_________________________________________________________________
```
This summary shows each layer, its output shape, and the number of parameters it has.

**b) PyTorch:**
In PyTorch, you typically print the model object itself, or iterate through its modules. For a more detailed look, you might use a library like `torchsummary` (which you'd need to install separately: `pip install torchsummary`).

```python
import torch
import torch.nn as nn

# Define a simple neural network
class SimpleNet(nn.Module):
    def __init__(self):
        super(SimpleNet, self).__init__()
        self.fc1 = nn.Linear(784, 64) # Input layer to hidden
        self.relu = nn.ReLU()
        self.fc2 = nn.Linear(64, 10)  # Hidden to output

    def forward(self, x):
        x = self.fc1(x)
        x = self.relu(x)
        x = self.fc2(x)
        return x

model = SimpleNet()

# Command function to check the model's structure (by printing it)
print("\n--- PyTorch Model Structure ---")
print(model)

# For a Keras-like summary in PyTorch, you'd use torchsummary
# from torchsummary import summary
# print("\n--- PyTorch Model Summary (using torchsummary) ---")
# summary(model, (1, 784)) # Input size example
```
**Output of `print(model)` (simplified):**
```
SimpleNet(
  (fc1): Linear(in_features=784, out_features=64, bias=True)
  (relu): ReLU()
  (fc2): Linear(in_features=64, out_features=10, bias=True)
)
```

#### 2. Checking the Model's Performance (Evaluation)

After training, you want to see how good your model really is on new data.

**a) TensorFlow/Keras:**
The `evaluate()` method is used to calculate the loss and metrics on your test dataset.

```python
# Assuming 'model' is trained and 'test_images', 'test_labels' are available
# (Example data setup, not runnable without actual data)

# Dummy data for demonstration
import numpy as np
test_images = np.random.rand(100, 784) # 100 samples, 784 features
test_labels = np.random.randint(0, 10, 100) # 100 labels (0-9)

# Compile the model with loss and metrics (needed before evaluate)
model.compile(optimizer='adam',
              loss='sparse_categorical_crossentropy',
              metrics=['accuracy'])

# Command function to evaluate the model
print("\n--- Keras Model Evaluation ---")
loss, accuracy = model.evaluate(test_images, test_labels, verbose=0) # verbose=0 for silent
print(f"Test Loss: {loss:.4f}")
print(f"Test Accuracy: {accuracy:.4f}")
```

**b) PyTorch:**
In PyTorch, you typically write a custom loop to iterate through your test data, calculate predictions, and then compute your desired metrics.

```python
# Assuming 'model' is trained and 'test_loader' (a DataLoader) is available
# (Example data setup, not runnable without actual data)

# Dummy data and DataLoader for demonstration
from torch.utils.data import TensorDataset, DataLoader
dummy_test_data = torch.randn(100, 784)
dummy_test_labels = torch.randint(0, 10, (100,))
test_dataset = TensorDataset(dummy_test_data, dummy_test_labels)
test_loader = DataLoader(test_dataset, batch_size=32)

model.eval() # Set model to evaluation mode
correct = 0
total = 0
with torch.no_grad(): # No need to calculate gradients during evaluation
    for images, labels in test_loader:
        outputs = model(images)
        _, predicted = torch.max(outputs.data, 1)
        total += labels.size(0)
        correct += (predicted == labels).sum().item()

# Command (logic) to evaluate the model
print("\n--- PyTorch Model Evaluation ---")
accuracy = 100 * correct / total
print(f"Test Accuracy: {accuracy:.2f}%")
```

**c) Scikit-learn:**
For traditional machine learning models (like SVMs, Random Forests, etc.), evaluation often involves methods like `score()` or specific metric functions.

```python
from sklearn.ensemble import RandomForestClassifier
from sklearn.model_selection import train_test_split
from sklearn.metrics import accuracy_score

# Dummy data
X = np.random.rand(100, 10) # 100 samples, 10 features
y = np.random.randint(0, 2, 100) # Binary classification

X_train, X_test, y_train, y_test = train_test_split(X, y, test_size=0.2, random_state=42)

# Train a model
model_sklearn = RandomForestClassifier(random_state=42)
model_sklearn.fit(X_train, y_train)

# Command function to check accuracy
print("\n--- Scikit-learn Model Evaluation ---")
accuracy = model_sklearn.score(X_test, y_test) # Or use accuracy_score(y_test, model_sklearn.predict(X_test))
print(f"Test Accuracy (Scikit-learn): {accuracy:.4f}")
```

#### 3. Checking the Model's Output (Prediction/Inference)

This is how you get actual results from your trained model.

**a) TensorFlow/Keras:**
Use the `predict()` method.

```python
# Assume 'model' is trained and compiled
new_input = np.random.rand(1, 784) # A single new input sample

# Command function to get predictions
print("\n--- Keras Model Prediction ---")
predictions = model.predict(new_input)
print(f"Raw predictions (logits/probabilities): {predictions}")
# To get the predicted class (for classification):
predicted_class = np.argmax(predictions, axis=1)
print(f"Predicted class: {predicted_class[0]}")
```

**b) PyTorch:**
Pass your input tensor directly through the model's `forward` method (by calling the model object).

```python
# Assume 'model' is trained
new_input_tensor = torch.randn(1, 784) # A single new input sample

model.eval() # Set model to evaluation mode
with torch.no_grad():
    # Command function to get predictions
    print("\n--- PyTorch Model Prediction ---")
    outputs = model(new_input_tensor)
    print(f"Raw outputs (logits): {outputs}")
    # For classification, get probabilities and then the class
    probabilities = torch.softmax(outputs, dim=1)
    predicted_class = torch.argmax(probabilities, dim=1)
    print(f"Probabilities: {probabilities}")
    print(f"Predicted class: {predicted_class.item()}")
```

**c) Scikit-learn:**
Use the `predict()` method for class labels or `predict_proba()` for probabilities.

```python
# Assume 'model_sklearn' is trained
new_sample = np.random.rand(1, 10) # A single new input sample

# Command function to get predictions
print("\n--- Scikit-learn Model Prediction ---")
prediction = model_sklearn.predict(new_sample)
print(f"Predicted class: {prediction[0]}")

# If you need probabilities (for classifiers that support it):
probabilities = model_sklearn.predict_proba(new_sample)
print(f"Prediction probabilities: {probabilities[0]}")
```

#### 4. Checking if the Model is Loaded/Ready

This is more about good programming practice than a specific "command function."

```python
# Example for any framework
my_ai_model = None # Initially, no model is loaded

# Later, after loading or creating:
my_ai_model = keras.Sequential([...]) # Or my_ai_model = SimpleNet()

# Command (Python logic) to check if a model object exists
if my_ai_model is not None:
    print("\nAI model is loaded and ready!")
else:
    print("\nAI model is not loaded yet.")
```

---

### Key Takeaway and Clarification Question:

The "command function" you're looking for truly depends on:

1.  **What specifically you want to "check" about the AI model** (structure, performance, prediction, etc.).
2.  **Which AI framework or library you are using** (TensorFlow, PyTorch, Scikit-learn, Hugging Face, etc.).

**To give you the most accurate answer, could you please tell me:**

*   **Which AI framework are you working with (e.g., TensorFlow/Keras, PyTorch, Scikit-learn)?**
*   **What exactly are you trying to check?** Are you looking to see its layers, its accuracy, or get a prediction for new data?

Once I have that information, I can provide a more tailored and precise explanation!
